// Vitest Snapshot v1, https://vitest.dev/guide/snapshot.html

exports[`engine reproducibility harness > pins every engine example to a stable summary + metrics snapshot 1`] = `
{
  "acid-base-titration": {
    "metrics": {
      "bufferHigh": 5.76,
      "bufferLow": 3.76,
      "equivalenceVolume": 25,
      "initialPH": 2.88286,
      "pKa": 4.76,
      "phAtEquivalence": 8.72954,
      "phAtHalfEquivalence": 4.76045,
    },
    "summary": "Titration of 0.1 M weak acid (pKa 4.76) with 0.1 M base: buffers near pH 4.76 at half-equivalence, jumps through the equivalence point at 25.0 mL (pH 8.73).",
  },
  "admet": {
    "metrics": {
      "hba": 4,
      "hbd": 1,
      "lipinskiViolations": 0,
      "logP": 0.51,
      "mw": 180.159,
      "qed": 0.648418,
      "tpsa": 63.6,
    },
    "summary": "C9H8O4 MW 180.2 Da, logP 0.51, HBD 1, HBA 4; Lipinski 0 violations (drug-like); QED 0.648; 3/3 rule sets pass.",
  },
  "alignment": {
    "metrics": {
      "alignmentLength": 10,
      "gaps": 0,
      "identity": 0.7,
      "matches": 7,
      "score": 11,
    },
    "summary": "Global (Needleman–Wunsch) alignment: score 11, 70.0% identity over 10 columns (7 matches, 0 gaps).",
  },
  "beer-lambert": {
    "metrics": {
      "absorbanceAtReadout": 0.376546,
      "minTransmittancePct": 38.2122,
      "peakAbsorbance": 0.417798,
      "peakWavelength": 452.174,
      "recoveredConc1": 20,
      "recoveredConc2": 15,
      "wellConditioned": 1,
    },
    "summary": "Beer–Lambert: peak absorbance 0.418 at 452 nm (38.2% T); un-mixed to c₁=20.00, c₂=15.00.",
  },
  "bioreactor": {
    "metrics": {
      "criticalDilutionRate": 0.380952,
      "productivity": 0.95,
      "simulatedBiomass": 4.75,
      "simulatedSubstrate": 0.5,
      "steadyStateBiomass": 4.75,
      "steadyStateSubstrate": 0.5,
      "washout": 0,
    },
    "summary": "Chemostat steady state: X*=4.75 g/L, S*=0.500 g/L, productivity 0.950 g/L/h.",
  },
  "branching-growth": {
    "metrics": {
      "extinctionProbabilityEmpirical": 0,
      "extinctionProbabilityTheory": 0.5,
      "finalMeanPopulation": 760.173,
      "meanOffspring": 1.2,
    },
    "summary": "supercritical branching process (mean offspring m=1.200): theoretical extinction probability 0.500, observed 0.000 across 300 replicates.",
  },
  "breeding": {
    "metrics": {
      "genotypeClasses": 9,
      "phenotypeClasses": 4,
      "sampledOffspring": 16,
      "topPhenotypeProbability": 0.5625,
    },
    "summary": "Aa Bb × Aa Bb → 4 phenotype(s) in 9:3:3:1; most common "Round, Yellow" (56.3%).",
  },
  "chemostat-competition": {
    "metrics": {
      "finalBiomass1": 4.66667,
      "finalBiomass2": 3.45438e-14,
      "finalSubstrate": 0.666667,
      "rStar1": 0.666667,
      "rStar2": 2,
      "winner": 1,
    },
    "summary": "Chemostat competition: species 1 wins (R*=0.667); the competitor is excluded to 3.5e-14 g/L.",
  },
  "cloning": {
    "metrics": {
      "fragmentCount": 3,
      "largestFragment": 11,
      "siteCount": 2,
      "smallestFragment": 5,
    },
    "summary": "EcoRI + BamHI digest of a 25 bp linear template -> 2 sites, 3 fragments.",
  },
  "coalescent": {
    "metrics": {
      "expectedPairwiseDiversity": 5,
      "expectedSegregatingSites": 17.7387,
      "expectedTMRCA": 1.9,
      "expectedTreeLength": 7.09548,
      "harmonicNumber": 3.54774,
      "sampleSize": 20,
      "wattersonTheta": 5.07365,
    },
    "summary": "Kingman coalescent (n=20, θ=5): E[T_MRCA]=1.900, E[tree length]=7.10, E[segregating sites]=17.7.",
  },
  "compartmental": {
    "metrics": {
      "finalSize": 0.892646,
      "herdImmunityThreshold": 0.6,
      "peakDay": 39.6,
      "peakInfected": 233387,
      "r0": 2.5,
    },
    "summary": "SIR: R0=2.50 ⇒ epidemic. Herd-immunity threshold 60.0%, attack rate 89.3%, peak prevalence 23.3% on day 39.6.",
  },
  "crispr": {
    "metrics": {
      "bestOnTarget": 0.715042,
      "bestSpecificity": 1,
      "guideCount": 5,
    },
    "summary": "5 SpCas9 guide(s); best on-target 0.72, best specificity 1.00.",
  },
  "diffusion": {
    "metrics": {
      "diffusionCoefficient": 42.944,
      "hydrodynamicRadius": 5,
      "rmsDisplacement": 16.0519,
      "thermalEnergy": 4.04737,
      "timeToCrossCell": 0.388103,
      "viscosity": 1,
    },
    "summary": "Stokes–Einstein: a 5 nm particle in η=1 mPa·s at 20°C has D=42.94 µm²/s, wandering 16.05 µm in 1 s (3D) and crossing a 10 µm cell in 0.39 s.",
  },
  "dna-melting": {
    "metrics": {
      "deltaGAt37": -69.85,
      "deltaH": -380,
      "deltaS": -1,
      "fractionDuplexAt37": 0.999413,
      "meltingTemp": 70.0424,
      "strandConc": 0.00001,
      "transitionWidth": 16.8679,
    },
    "summary": "DNA duplex melting: Tm=70.0°C at 1.0e-5 M strands (100% duplex at 37°C); melt spans 16.9°C.",
  },
  "docking": {
    "metrics": {
      "bestContactDistance": 2.19545,
      "bestEnergy": -0.195077,
      "bestPoseIndex": 1,
      "poseCount": 4,
    },
    "summary": "Scored 4 candidate poses; best pose #1 at energy -0.195 (closest contact 2.195).",
  },
  "dose-response": {
    "metrics": {
      "ec50": 50,
      "emax": 100,
      "hillSlope": 1,
      "ic50": 50,
    },
    "summary": "Hill dose-response: EC50 50 (n=1), effect 0 -> 100.",
  },
  "enzyme-kinetics": {
    "metrics": {
      "apparentVmax": 10,
      "halfSaturation": 5,
      "km": 5,
      "vAtKm": 5,
      "vmax": 10,
    },
    "summary": "Michaelis–Menten: Vmax=10.0, Km=5.00 → apparent Vmax=10.0, half-saturation at [S]=5.00.",
  },
  "ewens-sampling": {
    "metrics": {
      "effectiveAlleles": 2,
      "expectedAlleles": 4.49921,
      "expectedHomozygosity": 0.5,
      "expectedSingletons": 1,
      "sampleSize": 50,
      "theta": 1,
    },
    "summary": "Ewens sampling (n=50, θ=1): expect 4.50 distinct alleles, homozygosity 0.500, ~1.0 singletons.",
  },
  "fba": {
    "metrics": {
      "activeReactions": 3,
      "objectiveValue": 20,
    },
    "summary": "Optimal objective flux 20.000 with 3 of 3 reactions active.",
  },
  "fitzhugh-nagumo": {
    "metrics": {
      "current": 0.5,
      "firingRate": 0.03,
      "fixedPointV": -0.804848,
      "fixedPointW": -0.13106,
      "oscillationAmplitude": 3.82252,
      "spiking": 1,
    },
    "summary": "Repetitive firing at I=0.5 (v amplitude 3.82, 0.030 spikes/time).",
  },
  "fret": {
    "metrics": {
      "dynamicRange": 3.74444,
      "efficiency": 0.5,
      "forsterRadius": 5,
      "sensitivity": 0.3,
      "workingRangeHigh": 7.21125,
      "workingRangeLow": 3.46681,
    },
    "summary": "FRET at r=5 nm with R0=5 nm: efficiency E=50.0% (inside the 3.5–7.2 nm ruler range); the sixth-power law makes this a nanometre ruler.",
  },
  "gibbs-equilibrium": {
    "metrics": {
      "crossoverTemperature": 126.85,
      "deltaG": -10.185,
      "deltaG0": -10.185,
      "log10K": 1.78433,
      "productFraction": 0.983835,
    },
    "summary": "Gibbs equilibrium at 25°C: ΔG°=-10.2 kJ/mol, log₁₀K=1.78 → equilibrium is 98.4% product; at Q=1 the actual ΔG=-10.2 kJ/mol so the reaction runs forward (spontaneous as written).",
  },
  "gillespie": {
    "metrics": {
      "endTime": 50,
      "final_X": 8,
      "meanPopulation": 9.152,
      "numReactions": 950,
    },
    "summary": "birth–death process: 950 reaction events over t=50.0; mean X ≈ 9.15.",
  },
  "grn": {
    "metrics": {
      "amplitude": 11.123,
      "cycles": 7.33333,
      "estimatedPeriod": 8.41404,
      "final_g0": 1.31788,
      "final_g1": 2.34709,
      "final_g2": 16.989,
      "oscillatingGenes": 3,
    },
    "summary": "repressilator oscillates with period ≈ 8.41 time units across 3 genes.",
  },
  "hardy-weinberg": {
    "metrics": {
      "chiSquare": 0.00616929,
      "expectedHeterozygosity": 0.4838,
      "freqA": 0.59,
      "freqa": 0.41,
      "inbreedingCoefficient": 0.00785449,
      "observedHeterozygosity": 0.48,
      "rejectedHW": 0,
    },
    "summary": "Consistent with Hardy–Weinberg (χ²=0.01 ≤ 3.841); p(A)=0.590.",
  },
  "hodgkin-huxley": {
    "metrics": {
      "peakPotential": 39.0387,
      "restingPotential": -65,
      "spikeCount": 1,
    },
    "summary": "1 action potential fired (peak 39.0 mV).",
  },
  "hp-folding": {
    "metrics": {
      "acceptanceRate": 0.149883,
      "bestEnergy": -8,
      "hhContacts": 8,
    },
    "summary": "Native fold of HPHPPHHPHPPHPHHPPHPH reached ground-state energy E = -8 (8 H–H contacts) after 60000 MC steps.",
  },
  "izhikevich": {
    "metrics": {
      "cvISI": 0.185802,
      "firingRateHz": 23.3333,
      "firstSpikeLatency": 3.5,
      "meanISI": 42.3333,
      "spikeCount": 7,
    },
    "summary": "Izhikevich neuron: 7 spikes, 23.3 Hz — irregular / bursting.",
  },
  "kuramoto": {
    "metrics": {
      "coupling": 2,
      "criticalCoupling": 1.59577,
      "finalOrderParameter": 0.80666,
      "meanOrderParameter": 0.762934,
      "oscillators": 64,
      "synchronized": 1,
    },
    "summary": "64 oscillators at K=2 (Kc≈1.60): steady-state coherence ⟨r⟩=0.763 — synchronized.",
  },
  "levins-metapopulation": {
    "metrics": {
      "colonization": 0.5,
      "equilibriumOccupancy": 0.8,
      "extinction": 0.1,
      "extinctionThreshold": 0.8,
      "finalOccupancy": 0.8,
      "habitableFraction": 1,
      "persists": 1,
    },
    "summary": "Levins metapopulation: persists at p*=0.800 of patches (0% habitat destroyed; up to 80% is survivable).",
  },
  "logistic-map": {
    "metrics": {
      "attractorPeriod": 0,
      "chaotic": 1,
      "fixedPoint": 0.72973,
      "lyapunovExponent": 0.349084,
    },
    "summary": "Logistic map at r=3.70: λ=0.349 — chaotic.",
  },
  "lotka-volterra": {
    "metrics": {
      "conservedDriftPct": 0.00000119028,
      "meanPredator": 2.80466,
      "meanPrey": 3.05901,
      "peakPredator": 10.7938,
      "peakPrey": 29.0672,
      "predatorEquilibrium": 2.75,
      "preyEquilibrium": 4,
    },
    "summary": "Predator–prey oscillation around (x*, y*) = (4.00, 2.75); conserved-quantity drift 0.000%.",
  },
  "luria-delbruck": {
    "metrics": {
      "estimatedMutationRate": 9.74185e-9,
      "estimatedMutations": 0.974185,
      "expectedMutations": 1,
      "meanResistant": 8.4455,
      "p0": 0.3775,
      "peakResistant": 1212,
      "varianceToMeanRatio": 315.321,
    },
    "summary": "Luria–Delbrück (m=1.00): mean 8.4 but variance/mean = 315 (jackpots up to 1212) — mutations arose at random during growth.",
  },
  "mass-spec": {
    "metrics": {
      "complementarityMaxError": 1.13687e-13,
      "fragmentCount": 12,
      "neutralMass": 799.36,
      "precursorMZ": 400.687,
    },
    "summary": "Peptide PEPTIDE (7 residues): neutral mass 799.3600 Da, [M+2H]2+ = 400.6873; 12 fragment ions predicted.",
  },
  "metabolic-pathway": {
    "metrics": {
      "bottleneckStepIndex": 1,
      "finalProduct": 824.885,
      "fluxUniformityError": 0,
      "steadyStateFlux": 4.16667,
    },
    "summary": "3-step pathway: steady-state flux ≈ 4.1667, bottleneck at step 1 (Vmax=5), final product S3 = 824.885.",
  },
  "moran-process": {
    "metrics": {
      "analyticFixationProbability": 0.5,
      "empiricalFixationProbability": 0.514,
      "exampleFixed": 1,
      "meanAbsorptionTime": 302.76,
      "nonAbsorbedFraction": 0,
      "populationSize": 50,
      "relativeFitness": 2,
    },
    "summary": "Moran process (N=50, r=2): fixation probability 50.0% (analytic) vs 51.4% over 500 runs.",
  },
  "nicholson-bailey": {
    "metrics": {
      "hostEquilibrium": 27.7259,
      "minHost": 6.66628e-25,
      "outbreakRatio": 40.7607,
      "parasitoidEquilibrium": 13.8629,
      "peakHost": 1130.13,
      "peakParasitoid": 1129.56,
    },
    "summary": "Nicholson–Bailey (R=2): unstable equilibrium (H*=27.7), host outbreak peaks at 1130 (40.8× equilibrium).",
  },
  "osmotic-pressure": {
    "metrics": {
      "freezingPointDepression": 0.57288,
      "impliedMolarMass": 58.4416,
      "osmolarity": 0.308,
      "osmoticPressure": 7.83863,
      "osmoticPressureKPa": 794.249,
      "tonicityRatio": 1.02667,
      "vantHoffFactor": 2,
    },
    "summary": "Osmotic pressure Π=7.84 atm (794 kPa) for i=2, 0.154 M at 37°C → osmolarity 0.308 Osm/L, isotonic vs the 0.3 Osm/L reference (a cell here holds its volume).",
  },
  "oxygen-hemoglobin": {
    "metrics": {
      "arterialSaturation": 0.974347,
      "extractionRatio": 0.218042,
      "hillCoefficient": 2.7,
      "oxygenDelivered": 0.212449,
      "p50": 26,
      "venousSaturation": 0.761898,
    },
    "summary": "O₂–hemoglobin (Hill n=2.7, P₅₀=26 mmHg): arterial 97.4% at 100 mmHg, venous 76.2% at 40 mmHg → 21.2% of capacity unloaded to tissues (extraction 22%).",
  },
  "oxygen-transfer": {
    "metrics": {
      "criticalKLa": 57.1429,
      "kLa": 100,
      "otrAtSteadyState": 400,
      "oxygenLimited": 0,
      "percentSaturation": 50,
      "responseTimeConstant": 0.01,
      "steadyStateDO": 4,
    },
    "summary": "Oxygen transfer: dissolved O₂ settles at 4.00 mg/L (50% saturation) on a 0.6-min time constant.",
  },
  "pcr": {
    "metrics": {
      "ampliconLength": 100,
      "fwdTm": 53.83,
      "productGcPercent": 51,
      "revTm": 51.78,
    },
    "summary": "PCR on a 120 nt template yields a 100 bp product (GC 51%); primer Tm 53.8/51.8 °C.",
  },
  "phylogenetics": {
    "metrics": {
      "taxaCount": 4,
      "totalBranchLength": 0.216877,
      "treeDepth": 2,
      "treeHeight": 0.113695,
    },
    "summary": "Neighbor-Joining tree of 4 taxa (Jukes–Cantor distances), depth 2.",
  },
  "pk-oral-absorption": {
    "metrics": {
      "auc": 20,
      "bioavailability": 1,
      "cmax": 3.1498,
      "ka": 1,
      "ke": 0.25,
      "terminalHalfLife": 2.77259,
      "tmax": 1.84839,
    },
    "summary": "Oral one-compartment PK: Cmax=3.15 mg/L at Tmax=1.85 h, terminal t½=2.77 h; AUC=20.0 mg·h/L.",
  },
  "pk-two-compartment": {
    "metrics": {
      "alpha": 1.86603,
      "auc": 20,
      "beta": 0.133975,
      "cmax": 10,
      "distributionHalfLife": 0.371456,
      "peripheralTmax": 1.52069,
      "terminalHalfLife": 5.17372,
      "vss": 30,
    },
    "summary": "Two-compartment IV bolus: Cmax=10.00 mg/L, distributes with t½α=0.37 h then clears with terminal t½β=5.17 h; AUC=20.0 mg·h/L.",
  },
  "properties": {
    "metrics": {
      "extinction280": 6990,
      "gravy": -0.16,
      "instabilityIndex": 34.445,
      "length": 40,
      "molecularWeightDa": 4777.53,
      "theoreticalPI": 10.6182,
    },
    "summary": "40-residue protein: 4777.5 Da, pI 10.62, GRAVY -0.16, instability 34.4 (stable).",
  },
  "reed-frost": {
    "metrics": {
      "analyticFinalSize": 0.892645,
      "attackRate": 0.893526,
      "basicReproductionNumber": 2.5,
      "epidemicDuration": 28,
      "herdImmunityThreshold": 0.6,
      "peakGeneration": 7,
      "peakIncidence": 229.598,
      "totalInfected": 893.526,
    },
    "summary": "Reed–Frost (R₀=2.5): epidemic infects 89.4% over 28 generations, peaking at generation 7.",
  },
  "replicator-dynamics": {
    "metrics": {
      "essFractionA": 0.5,
      "finalFraction": 0.5,
      "gameType": 3,
      "initialFraction": 0.2,
      "interiorFixedPoint": 0.5,
    },
    "summary": "Replicator dynamics: coexistence (stable mixed ESS) — stable coexistence at 50% A.",
  },
  "resting-potential": {
    "metrics": {
      "drivingForceK": 21.7156,
      "drivingForceNa": -127.977,
      "eCl": -64.0877,
      "eK": -89.0587,
      "eNa": 60.6343,
      "restingPotential": -67.3431,
      "thermalVoltage": 26.7267,
    },
    "summary": "Resting potential V_m=-67.3 mV (GHK) at 37°C: E_K=-89.1, E_Na=60.6, E_Cl=-64.1 mV — sits near E_K⁺ because K⁺ is most permeant.",
  },
  "rna-fold": {
    "metrics": {
      "basePairs": 4,
      "pairedFraction": 0.666667,
      "sequenceLength": 12,
      "stackingEnergy": -9,
    },
    "summary": "4 base pairs over 12 nt (67% paired, 3 stacks, ΔG≈-9.0 kcal/mol): ((((....))))",
  },
  "rock-paper-scissors": {
    "metrics": {
      "conservedDriftPct": 1.5044e-8,
      "equilibriumFrequency": 0.333333,
      "lossPayoff": 1,
      "minFrequency": 0.177293,
      "stabilityIndex": 0,
      "winPayoff": 1,
    },
    "summary": "Rock–Paper–Scissors replicator (a=1, b=1): neutral closed orbits (V conserved); conserved-V drift 0.000%.",
  },
  "rosenzweig-macarthur": {
    "metrics": {
      "carryingCapacity": 6,
      "enrichmentThreshold": 3,
      "limitCycle": 1,
      "oscillationAmplitude": 4.7785,
      "predatorEquilibrium": 1.14583,
      "preyEquilibrium": 0.5,
    },
    "summary": "Rosenzweig–MacArthur: limit cycle (K=6 > K_H=3.00).",
  },
  "saturation-binding": {
    "metrics": {
      "boundSpecific": 66.6667,
      "kd": 5,
      "ligandForHalf": 5,
      "nonspecificBound": 0,
      "occupancy": 0.666667,
      "totalBound": 66.6667,
    },
    "summary": "Saturation binding: Kd=5 nM, Bmax=100 → at [L]=10 nM, 66.7% of sites filled (B=66.67); half-occupancy at [L]=Kd=5 nM.",
  },
  "secondary-structure": {
    "metrics": {
      "coilFraction": 0,
      "helixFraction": 0.5,
      "length": 22,
      "sheetFraction": 0.5,
      "turnCount": 1,
    },
    "summary": "50% helix, 50% sheet, 0% coil over 22 residues (1 β-turn)",
  },
  "sequence": {
    "metrics": {
      "gcPercent": 42.2535,
      "length": 71,
      "meltingTempC": 72.7535,
      "molecularWeightDa": 22017.4,
      "orfCount": 1,
    },
    "summary": "Longest ORF: frame +2 (+), 20 aa — MASKDLFWHPVMEKLSDFWH",
  },
  "sir-endemic": {
    "metrics": {
      "endemic": 1,
      "endemicPrevalence": 0.0709091,
      "finalInfected": 0.0709091,
      "meanInfected": 0.0709091,
      "r0": 4.54545,
      "susceptibleEquilibrium": 0.22,
    },
    "summary": "Endemic SIR (R₀=4.55): damped oscillations settle to I*=0.0709, S*=0.220.",
  },
  "sis": {
    "metrics": {
      "endemic": 1,
      "endemicPrevalence": 0.666667,
      "finalPrevalence": 0.666667,
      "r0": 3,
    },
    "summary": "SIS endemic at R₀=3.00: prevalence settles to i*=0.667.",
  },
  "substrate-inhibition": {
    "metrics": {
      "ki": 100,
      "maxGrowthRate": 0.666667,
      "muMax": 0.8,
      "optimalSubstrate": 10,
      "peakEfficiency": 0.833333,
      "windowHigh": 139.282,
      "windowLow": 0.717968,
    },
    "summary": "Haldane substrate inhibition: growth peaks at S_opt=10.00 g/L with µ_opt=0.667 1/h (83% of the µmax ceiling); half-peak window 0.72–139.28 g/L.",
  },
  "two-state-folding": {
    "metrics": {
      "deltaG25": 11.0124,
      "deltaGmax": 11.367,
      "deltaHm": 250,
      "fractionFolded25": 0.988368,
      "maxStabilityTemp": 30.1709,
      "meltingTemp": 60,
    },
    "summary": "Two-state folding: Tm=60°C, ΔG(25°C)=11.0 kJ/mol (98.8% folded), peak stability 11.4 kJ/mol at 30.2°C.",
  },
  "vaccination": {
    "metrics": {
      "casesPrevented": 0.610667,
      "criticalCoverage": 0.701754,
      "effectiveR": 1.575,
      "finalSize": 0.329812,
      "finalSizeNoVax": 0.94048,
      "herdImmunity": 0,
      "r0": 3,
    },
    "summary": "Vaccination vs R₀=3: critical coverage v_c=70% at ε=0.95; at v=50% → 33.0% infected (R_eff=1.58).",
  },
  "van-deemter": {
    "metrics": {
      "efficiencyVsOptimum": 0.707785,
      "minPlateHeight": 1.13246,
      "optimalVelocity": 6.32456,
      "plateCount": 62.5,
      "plateHeightAtU": 1.6,
      "platesPerMetre": 625,
    },
    "summary": "van Deemter: sharpest peaks at u_opt=6.32 mm/s (H_min=1.132 mm); at u=2 mm/s H=1.600 mm → 63 plates over 100 mm (71% of peak efficiency).",
  },
  "wilson-cowan": {
    "metrics": {
      "amplitudeE": 0.316775,
      "meanE": 0.109013,
      "meanI": 0.0751069,
      "oscillates": 1,
      "periodE": 7.84997,
    },
    "summary": "Wilson–Cowan: sustained oscillation — E swings 0.317 peak-to-peak with period ≈ 7.85 (a population rhythm).",
  },
  "worm-like-chain": {
    "metrics": {
      "contourLength": 1000,
      "entropicStiffness": 0.000123492,
      "forceAtHalfExtension": 0.10291,
      "forceAtMaxExtension": 8.29044,
      "persistenceLength": 50,
      "thermalEnergy": 4.1164,
    },
    "summary": "Worm-like chain (Lp=50 nm, L=1000 nm): entropic spring of 1.23e-4 pN/nm at low force, stiffening to 8.3 pN at 95% extension.",
  },
  "wright-fisher": {
    "metrics": {
      "fixationProbability": 0.265,
      "lossProbability": 0.19,
      "meanAbsorptionTime": 128.198,
      "meanFinalFreq": 0.527975,
      "meanTimeToFixation": 125.717,
    },
    "summary": "Wright-Fisher: N=100 (2N=200), p0=0.5, 200 replicates × 200 gens → fixation P(A)≈0.265, mean final freq=0.528.",
  },
}
`;
